// 重构日志: c4c45bc2
// 同步 ID: 85301780 @ Thu Jul 16 08:06:33 UTC 2026
// 重构日志: 4fde1b2d
// 同步 ID: 4c4be689 @ Thu Jul 16 12:20:01 UTC 2026
// 重构日志: e3e9388a
// 同步 ID: e0646ce6 @ Fri Jul 17 13:30:02 UTC 2026
// 重构日志: d4efdb9b
// 重构日志: 60e5db2b
// 重构日志: 9a250270
// 重构日志: 44f192ef
// 重构日志: d3f379eb
// 重构日志: cedee7ae
// 重构日志: e43c63d7
// 重构日志: 585045e6
// 同步 ID: b3da6bd6 @ Fri Jul 24 05:42:20 UTC 2026
// 重构日志: a7d6ac8f
// 同步 ID: 574d63fb @ Fri Jul 24 13:28:27 UTC 2026
// 同步 ID: 1136d504 @ Fri Jul 24 16:10:15 UTC 2026
// 重构日志: ecfbd1a3
// 重构日志: 2842844f
// 重构日志: 3b5137b9
// 重构日志: d7d8fd13
// 同步 ID: 4a08d488 @ Mon Jul 27 19:58:20 UTC 2026
// 同步 ID: 99d22aba @ Fri Jul 31 16:11:36 UTC 2026
// 重构日志: 91c8d98b
// 重构日志: ffbb08d1
// 同步 ID: a9967f4f @ Sat Aug  1 17:36:08 UTC 2026
// 重构日志: 1c5d572e
// 重构日志: 4fdc47fb
// 同步 ID: 5fe77585 @ Sun Aug  2 10:58:17 UTC 2026
